Years


-------- year 0 --------
Wine(name=Standard Wine, price=20, expiresInYears=10)
Wine(name=Another Standard Wine, price=7, expiresInYears=5)
Wine(name=Negative Standard Wine, price=-5, expiresInYears=5)
Wine(name=Bourdeaux Conservato, price=0, expiresInYears=2)
Wine(name=Bourgogne Conservato, price=98, expiresInYears=2)
Wine(name=Wine brewed by Alexander the Great, price=150, expiresInYears=0)
Wine(name=Wine brewed by Alexander the Great, price=80, expiresInYears=-1)
Wine(name=Wine brewed by Alexander the Great, price=-1, expiresInYears=10)
Wine(name=Event Wine, price=20, expiresInYears=15)
Wine(name=Event Wine, price=49, expiresInYears=10)
Wine(name=Event Wine, price=99, expiresInYears=2)
Wine(name=Eco Brilliant Wine, price=6, expiresInYears=3)
-------- year 1 --------
Wine(name=Standard Wine, price=19, expiresInYears=9)
Wine(name=Another Standard Wine, price=6, expiresInYears=4)
Wine(name=Negative Standard Wine, price=0, expiresInYears=4)
Wine(name=Bourdeaux Conservato, price=1, expiresInYears=1)
Wine(name=Bourgogne Conservato, price=99, expiresInYears=1)
Wine(name=Wine brewed by Alexander the Great, price=150, expiresInYears=0)
Wine(name=Wine brewed by Alexander the Great, price=80, expiresInYears=-1)
Wine(name=Wine brewed by Alexander the Great, price=0, expiresInYears=10)
Wine(name=Event Wine, price=21, expiresInYears=14)
Wine(name=Event Wine, price=50, expiresInYears=9)
Wine(name=Event Wine, price=100, expiresInYears=1)
Wine(name=Eco Brilliant Wine, price=5, expiresInYears=2)
-------- year 2 --------
Wine(name=Standard Wine, price=18, expiresInYears=8)
Wine(name=Another Standard Wine, price=5, expiresInYears=3)
Wine(name=Negative Standard Wine, price=0, expiresInYears=3)
Wine(name=Bourdeaux Conservato, price=2, expiresInYears=0)
Wine(name=Bourgogne Conservato, price=100, expiresInYears=0)
Wine(name=Wine brewed by Alexander the Great, price=150, expiresInYears=0)
Wine(name=Wine brewed by Alexander the Great, price=80, expiresInYears=-1)
Wine(name=Wine brewed by Alexander the Great, price=0, expiresInYears=10)
Wine(name=Event Wine, price=22, expiresInYears=13)
Wine(name=Event Wine, price=51, expiresInYears=8)
Wine(name=Event Wine, price=100, expiresInYears=0)
Wine(name=Eco Brilliant Wine, price=4, expiresInYears=1)
-------- year 3 --------
Wine(name=Standard Wine, price=17, expiresInYears=7)
Wine(name=Another Standard Wine, price=4, expiresInYears=2)
Wine(name=Negative Standard Wine, price=0, expiresInYears=2)
Wine(name=Bourdeaux Conservato, price=4, expiresInYears=-1)
Wine(name=Bourgogne Conservato, price=100, expiresInYears=-1)
Wine(name=Wine brewed by Alexander the Great, price=150, expiresInYears=0)
Wine(name=Wine brewed by Alexander the Great, price=80, expiresInYears=-1)
Wine(name=Wine brewed by Alexander the Great, price=0, expiresInYears=10)
Wine(name=Event Wine, price=23, expiresInYears=12)
Wine(name=Event Wine, price=52, expiresInYears=7)
Wine(name=Event Wine, price=0, expiresInYears=-1)
Wine(name=Eco Brilliant Wine, price=3, expiresInYears=0)
-------- year 4 --------
Wine(name=Standard Wine, price=16, expiresInYears=6)
Wine(name=Another Standard Wine, price=3, expiresInYears=1)
Wine(name=Negative Standard Wine, price=0, expiresInYears=1)
Wine(name=Bourdeaux Conservato, price=6, expiresInYears=-2)
Wine(name=Bourgogne Conservato, price=100, expiresInYears=-2)
Wine(name=Wine brewed by Alexander the Great, price=150, expiresInYears=0)
Wine(name=Wine brewed by Alexander the Great, price=80, expiresInYears=-1)
Wine(name=Wine brewed by Alexander the Great, price=0, expiresInYears=10)
Wine(name=Event Wine, price=24, expiresInYears=11)
Wine(name=Event Wine, price=54, expiresInYears=6)
Wine(name=Event Wine, price=0, expiresInYears=-2)
Wine(name=Eco Brilliant Wine, price=1, expiresInYears=-1)
-------- year 5 --------
Wine(name=Standard Wine, price=15, expiresInYears=5)
Wine(name=Another Standard Wine, price=2, expiresInYears=0)
Wine(name=Negative Standard Wine, price=0, expiresInYears=0)
Wine(name=Bourdeaux Conservato, price=8, expiresInYears=-3)
Wine(name=Bourgogne Conservato, price=100, expiresInYears=-3)
Wine(name=Wine brewed by Alexander the Great, price=150, expiresInYears=0)
Wine(name=Wine brewed by Alexander the Great, price=80, expiresInYears=-1)
Wine(name=Wine brewed by Alexander the Great, price=0, expiresInYears=10)
Wine(name=Event Wine, price=25, expiresInYears=10)
Wine(name=Event Wine, price=56, expiresInYears=5)
Wine(name=Event Wine, price=0, expiresInYears=-3)
Wine(name=Eco Brilliant Wine, price=0, expiresInYears=-2)
-------- year 6 --------
Wine(name=Standard Wine, price=14, expiresInYears=4)
Wine(name=Another Standard Wine, price=0, expiresInYears=-1)
Wine(name=Negative Standard Wine, price=0, expiresInYears=-1)
Wine(name=Bourdeaux Conservato, price=10, expiresInYears=-4)
Wine(name=Bourgogne Conservato, price=100, expiresInYears=-4)
Wine(name=Wine brewed by Alexander the Great, price=150, expiresInYears=0)
Wine(name=Wine brewed by Alexander the Great, price=80, expiresInYears=-1)
Wine(name=Wine brewed by Alexander the Great, price=0, expiresInYears=10)
Wine(name=Event Wine, price=26, expiresInYears=9)
Wine(name=Event Wine, price=58, expiresInYears=4)
Wine(name=Event Wine, price=0, expiresInYears=-4)
Wine(name=Eco Brilliant Wine, price=0, expiresInYears=-3)
-------- year 7 --------
Wine(name=Standard Wine, price=13, expiresInYears=3)
Wine(name=Another Standard Wine, price=0, expiresInYears=-2)
Wine(name=Negative Standard Wine, price=0, expiresInYears=-2)
Wine(name=Bourdeaux Conservato, price=12, expiresInYears=-5)
Wine(name=Bourgogne Conservato, price=100, expiresInYears=-5)
Wine(name=Wine brewed by Alexander the Great, price=150, expiresInYears=0)
Wine(name=Wine brewed by Alexander the Great, price=80, expiresInYears=-1)
Wine(name=Wine brewed by Alexander the Great, price=0, expiresInYears=10)
Wine(name=Event Wine, price=27, expiresInYears=8)
Wine(name=Event Wine, price=60, expiresInYears=3)
Wine(name=Event Wine, price=0, expiresInYears=-5)
Wine(name=Eco Brilliant Wine, price=0, expiresInYears=-4)
-------- year 8 --------
Wine(name=Standard Wine, price=12, expiresInYears=2)
Wine(name=Another Standard Wine, price=0, expiresInYears=-3)
Wine(name=Negative Standard Wine, price=0, expiresInYears=-3)
Wine(name=Bourdeaux Conservato, price=14, expiresInYears=-6)
Wine(name=Bourgogne Conservato, price=100, expiresInYears=-6)
Wine(name=Wine brewed by Alexander the Great, price=150, expiresInYears=0)
Wine(name=Wine brewed by Alexander the Great, price=80, expiresInYears=-1)
Wine(name=Wine brewed by Alexander the Great, price=0, expiresInYears=10)
Wine(name=Event Wine, price=28, expiresInYears=7)
Wine(name=Event Wine, price=62, expiresInYears=2)
Wine(name=Event Wine, price=0, expiresInYears=-6)
Wine(name=Eco Brilliant Wine, price=0, expiresInYears=-5)
-------- year 9 --------
Wine(name=Standard Wine, price=11, expiresInYears=1)
Wine(name=Another Standard Wine, price=0, expiresInYears=-4)
Wine(name=Negative Standard Wine, price=0, expiresInYears=-4)
Wine(name=Bourdeaux Conservato, price=16, expiresInYears=-7)
Wine(name=Bourgogne Conservato, price=100, expiresInYears=-7)
Wine(name=Wine brewed by Alexander the Great, price=150, expiresInYears=0)
Wine(name=Wine brewed by Alexander the Great, price=80, expiresInYears=-1)
Wine(name=Wine brewed by Alexander the Great, price=0, expiresInYears=10)
Wine(name=Event Wine, price=30, expiresInYears=6)
Wine(name=Event Wine, price=66, expiresInYears=1)
Wine(name=Event Wine, price=0, expiresInYears=-7)
Wine(name=Eco Brilliant Wine, price=0, expiresInYears=-6)
-------- year 10 --------
Wine(name=Standard Wine, price=10, expiresInYears=0)
Wine(name=Another Standard Wine, price=0, expiresInYears=-5)
Wine(name=Negative Standard Wine, price=0, expiresInYears=-5)
Wine(name=Bourdeaux Conservato, price=18, expiresInYears=-8)
Wine(name=Bourgogne Conservato, price=100, expiresInYears=-8)
Wine(name=Wine brewed by Alexander the Great, price=150, expiresInYears=0)
Wine(name=Wine brewed by Alexander the Great, price=80, expiresInYears=-1)
Wine(name=Wine brewed by Alexander the Great, price=0, expiresInYears=10)
Wine(name=Event Wine, price=32, expiresInYears=5)
Wine(name=Event Wine, price=70, expiresInYears=0)
Wine(name=Event Wine, price=0, expiresInYears=-8)
Wine(name=Eco Brilliant Wine, price=0, expiresInYears=-7)
-------- year 11 --------
Wine(name=Standard Wine, price=8, expiresInYears=-1)
Wine(name=Another Standard Wine, price=0, expiresInYears=-6)
Wine(name=Negative Standard Wine, price=0, expiresInYears=-6)
Wine(name=Bourdeaux Conservato, price=20, expiresInYears=-9)
Wine(name=Bourgogne Conservato, price=100, expiresInYears=-9)
Wine(name=Wine brewed by Alexander the Great, price=150, expiresInYears=0)
Wine(name=Wine brewed by Alexander the Great, price=80, expiresInYears=-1)
Wine(name=Wine brewed by Alexander the Great, price=0, expiresInYears=10)
Wine(name=Event Wine, price=34, expiresInYears=4)
Wine(name=Event Wine, price=0, expiresInYears=-1)
Wine(name=Event Wine, price=0, expiresInYears=-9)
Wine(name=Eco Brilliant Wine, price=0, expiresInYears=-8)
-------- year 12 --------
Wine(name=Standard Wine, price=6, expiresInYears=-2)
Wine(name=Another Standard Wine, price=0, expiresInYears=-7)
Wine(name=Negative Standard Wine, price=0, expiresInYears=-7)
Wine(name=Bourdeaux Conservato, price=22, expiresInYears=-10)
Wine(name=Bourgogne Conservato, price=100, expiresInYears=-10)
Wine(name=Wine brewed by Alexander the Great, price=150, expiresInYears=0)
Wine(name=Wine brewed by Alexander the Great, price=80, expiresInYears=-1)
Wine(name=Wine brewed by Alexander the Great, price=0, expiresInYears=10)
Wine(name=Event Wine, price=36, expiresInYears=3)
Wine(name=Event Wine, price=0, expiresInYears=-2)
Wine(name=Event Wine, price=0, expiresInYears=-10)
Wine(name=Eco Brilliant Wine, price=0, expiresInYears=-9)
-------- year 13 --------
Wine(name=Standard Wine, price=4, expiresInYears=-3)
Wine(name=Another Standard Wine, price=0, expiresInYears=-8)
Wine(name=Negative Standard Wine, price=0, expiresInYears=-8)
Wine(name=Bourdeaux Conservato, price=24, expiresInYears=-11)
Wine(name=Bourgogne Conservato, price=100, expiresInYears=-11)
Wine(name=Wine brewed by Alexander the Great, price=150, expiresInYears=0)
Wine(name=Wine brewed by Alexander the Great, price=80, expiresInYears=-1)
Wine(name=Wine brewed by Alexander the Great, price=0, expiresInYears=10)
Wine(name=Event Wine, price=38, expiresInYears=2)
Wine(name=Event Wine, price=0, expiresInYears=-3)
Wine(name=Event Wine, price=0, expiresInYears=-11)
Wine(name=Eco Brilliant Wine, price=0, expiresInYears=-10)
-------- year 14 --------
Wine(name=Standard Wine, price=2, expiresInYears=-4)
Wine(name=Another Standard Wine, price=0, expiresInYears=-9)
Wine(name=Negative Standard Wine, price=0, expiresInYears=-9)
Wine(name=Bourdeaux Conservato, price=26, expiresInYears=-12)
Wine(name=Bourgogne Conservato, price=100, expiresInYears=-12)
Wine(name=Wine brewed by Alexander the Great, price=150, expiresInYears=0)
Wine(name=Wine brewed by Alexander the Great, price=80, expiresInYears=-1)
Wine(name=Wine brewed by Alexander the Great, price=0, expiresInYears=10)
Wine(name=Event Wine, price=42, expiresInYears=1)
Wine(name=Event Wine, price=0, expiresInYears=-4)
Wine(name=Event Wine, price=0, expiresInYears=-12)
Wine(name=Eco Brilliant Wine, price=0, expiresInYears=-11)
-------- year 15 --------
Wine(name=Standard Wine, price=0, expiresInYears=-5)
Wine(name=Another Standard Wine, price=0, expiresInYears=-10)
Wine(name=Negative Standard Wine, price=0, expiresInYears=-10)
Wine(name=Bourdeaux Conservato, price=28, expiresInYears=-13)
Wine(name=Bourgogne Conservato, price=100, expiresInYears=-13)
Wine(name=Wine brewed by Alexander the Great, price=150, expiresInYears=0)
Wine(name=Wine brewed by Alexander the Great, price=80, expiresInYears=-1)
Wine(name=Wine brewed by Alexander the Great, price=0, expiresInYears=10)
Wine(name=Event Wine, price=46, expiresInYears=0)
Wine(name=Event Wine, price=0, expiresInYears=-5)
Wine(name=Event Wine, price=0, expiresInYears=-13)
Wine(name=Eco Brilliant Wine, price=0, expiresInYears=-12)
-------- year 16 --------
Wine(name=Standard Wine, price=0, expiresInYears=-6)
Wine(name=Another Standard Wine, price=0, expiresInYears=-11)
Wine(name=Negative Standard Wine, price=0, expiresInYears=-11)
Wine(name=Bourdeaux Conservato, price=30, expiresInYears=-14)
Wine(name=Bourgogne Conservato, price=100, expiresInYears=-14)
Wine(name=Wine brewed by Alexander the Great, price=150, expiresInYears=0)
Wine(name=Wine brewed by Alexander the Great, price=80, expiresInYears=-1)
Wine(name=Wine brewed by Alexander the Great, price=0, expiresInYears=10)
Wine(name=Event Wine, price=0, expiresInYears=-1)
Wine(name=Event Wine, price=0, expiresInYears=-6)
Wine(name=Event Wine, price=0, expiresInYears=-14)
Wine(name=Eco Brilliant Wine, price=0, expiresInYears=-13)
-------- year 17 --------
Wine(name=Standard Wine, price=0, expiresInYears=-7)
Wine(name=Another Standard Wine, price=0, expiresInYears=-12)
Wine(name=Negative Standard Wine, price=0, expiresInYears=-12)
Wine(name=Bourdeaux Conservato, price=32, expiresInYears=-15)
Wine(name=Bourgogne Conservato, price=100, expiresInYears=-15)
Wine(name=Wine brewed by Alexander the Great, price=150, expiresInYears=0)
Wine(name=Wine brewed by Alexander the Great, price=80, expiresInYears=-1)
Wine(name=Wine brewed by Alexander the Great, price=0, expiresInYears=10)
Wine(name=Event Wine, price=0, expiresInYears=-2)
Wine(name=Event Wine, price=0, expiresInYears=-7)
Wine(name=Event Wine, price=0, expiresInYears=-15)
Wine(name=Eco Brilliant Wine, price=0, expiresInYears=-14)
-------- year 18 --------
Wine(name=Standard Wine, price=0, expiresInYears=-8)
Wine(name=Another Standard Wine, price=0, expiresInYears=-13)
Wine(name=Negative Standard Wine, price=0, expiresInYears=-13)
Wine(name=Bourdeaux Conservato, price=34, expiresInYears=-16)
Wine(name=Bourgogne Conservato, price=100, expiresInYears=-16)
Wine(name=Wine brewed by Alexander the Great, price=150, expiresInYears=0)
Wine(name=Wine brewed by Alexander the Great, price=80, expiresInYears=-1)
Wine(name=Wine brewed by Alexander the Great, price=0, expiresInYears=10)
Wine(name=Event Wine, price=0, expiresInYears=-3)
Wine(name=Event Wine, price=0, expiresInYears=-8)
Wine(name=Event Wine, price=0, expiresInYears=-16)
Wine(name=Eco Brilliant Wine, price=0, expiresInYears=-15)
-------- year 19 --------
Wine(name=Standard Wine, price=0, expiresInYears=-9)
Wine(name=Another Standard Wine, price=0, expiresInYears=-14)
Wine(name=Negative Standard Wine, price=0, expiresInYears=-14)
Wine(name=Bourdeaux Conservato, price=36, expiresInYears=-17)
Wine(name=Bourgogne Conservato, price=100, expiresInYears=-17)
Wine(name=Wine brewed by Alexander the Great, price=150, expiresInYears=0)
Wine(name=Wine brewed by Alexander the Great, price=80, expiresInYears=-1)
Wine(name=Wine brewed by Alexander the Great, price=0, expiresInYears=10)
Wine(name=Event Wine, price=0, expiresInYears=-4)
Wine(name=Event Wine, price=0, expiresInYears=-9)
Wine(name=Event Wine, price=0, expiresInYears=-17)
Wine(name=Eco Brilliant Wine, price=0, expiresInYears=-16)
-------- year 20 --------
Wine(name=Standard Wine, price=0, expiresInYears=-10)
Wine(name=Another Standard Wine, price=0, expiresInYears=-15)
Wine(name=Negative Standard Wine, price=0, expiresInYears=-15)
Wine(name=Bourdeaux Conservato, price=38, expiresInYears=-18)
Wine(name=Bourgogne Conservato, price=100, expiresInYears=-18)
Wine(name=Wine brewed by Alexander the Great, price=150, expiresInYears=0)
Wine(name=Wine brewed by Alexander the Great, price=80, expiresInYears=-1)
Wine(name=Wine brewed by Alexander the Great, price=0, expiresInYears=10)
Wine(name=Event Wine, price=0, expiresInYears=-5)
Wine(name=Event Wine, price=0, expiresInYears=-10)
Wine(name=Event Wine, price=0, expiresInYears=-18)
Wine(name=Eco Brilliant Wine, price=0, expiresInYears=-17)
-------- year 21 --------
Wine(name=Standard Wine, price=0, expiresInYears=-11)
Wine(name=Another Standard Wine, price=0, expiresInYears=-16)
Wine(name=Negative Standard Wine, price=0, expiresInYears=-16)
Wine(name=Bourdeaux Conservato, price=40, expiresInYears=-19)
Wine(name=Bourgogne Conservato, price=100, expiresInYears=-19)
Wine(name=Wine brewed by Alexander the Great, price=150, expiresInYears=0)
Wine(name=Wine brewed by Alexander the Great, price=80, expiresInYears=-1)
Wine(name=Wine brewed by Alexander the Great, price=0, expiresInYears=10)
Wine(name=Event Wine, price=0, expiresInYears=-6)
Wine(name=Event Wine, price=0, expiresInYears=-11)
Wine(name=Event Wine, price=0, expiresInYears=-19)
Wine(name=Eco Brilliant Wine, price=0, expiresInYears=-18)
-------- year 22 --------
Wine(name=Standard Wine, price=0, expiresInYears=-12)
Wine(name=Another Standard Wine, price=0, expiresInYears=-17)
Wine(name=Negative Standard Wine, price=0, expiresInYears=-17)
Wine(name=Bourdeaux Conservato, price=42, expiresInYears=-20)
Wine(name=Bourgogne Conservato, price=100, expiresInYears=-20)
Wine(name=Wine brewed by Alexander the Great, price=150, expiresInYears=0)
Wine(name=Wine brewed by Alexander the Great, price=80, expiresInYears=-1)
Wine(name=Wine brewed by Alexander the Great, price=0, expiresInYears=10)
Wine(name=Event Wine, price=0, expiresInYears=-7)
Wine(name=Event Wine, price=0, expiresInYears=-12)
Wine(name=Event Wine, price=0, expiresInYears=-20)
Wine(name=Eco Brilliant Wine, price=0, expiresInYears=-19)
-------- year 23 --------
Wine(name=Standard Wine, price=0, expiresInYears=-13)
Wine(name=Another Standard Wine, price=0, expiresInYears=-18)
Wine(name=Negative Standard Wine, price=0, expiresInYears=-18)
Wine(name=Bourdeaux Conservato, price=44, expiresInYears=-21)
Wine(name=Bourgogne Conservato, price=100, expiresInYears=-21)
Wine(name=Wine brewed by Alexander the Great, price=150, expiresInYears=0)
Wine(name=Wine brewed by Alexander the Great, price=80, expiresInYears=-1)
Wine(name=Wine brewed by Alexander the Great, price=0, expiresInYears=10)
Wine(name=Event Wine, price=0, expiresInYears=-8)
Wine(name=Event Wine, price=0, expiresInYears=-13)
Wine(name=Event Wine, price=0, expiresInYears=-21)
Wine(name=Eco Brilliant Wine, price=0, expiresInYears=-20)
-------- year 24 --------
Wine(name=Standard Wine, price=0, expiresInYears=-14)
Wine(name=Another Standard Wine, price=0, expiresInYears=-19)
Wine(name=Negative Standard Wine, price=0, expiresInYears=-19)
Wine(name=Bourdeaux Conservato, price=46, expiresInYears=-22)
Wine(name=Bourgogne Conservato, price=100, expiresInYears=-22)
Wine(name=Wine brewed by Alexander the Great, price=150, expiresInYears=0)
Wine(name=Wine brewed by Alexander the Great, price=80, expiresInYears=-1)
Wine(name=Wine brewed by Alexander the Great, price=0, expiresInYears=10)
Wine(name=Event Wine, price=0, expiresInYears=-9)
Wine(name=Event Wine, price=0, expiresInYears=-14)
Wine(name=Event Wine, price=0, expiresInYears=-22)
Wine(name=Eco Brilliant Wine, price=0, expiresInYears=-21)
-------- year 25 --------
Wine(name=Standard Wine, price=0, expiresInYears=-15)
Wine(name=Another Standard Wine, price=0, expiresInYears=-20)
Wine(name=Negative Standard Wine, price=0, expiresInYears=-20)
Wine(name=Bourdeaux Conservato, price=48, expiresInYears=-23)
Wine(name=Bourgogne Conservato, price=100, expiresInYears=-23)
Wine(name=Wine brewed by Alexander the Great, price=150, expiresInYears=0)
Wine(name=Wine brewed by Alexander the Great, price=80, expiresInYears=-1)
Wine(name=Wine brewed by Alexander the Great, price=0, expiresInYears=10)
Wine(name=Event Wine, price=0, expiresInYears=-10)
Wine(name=Event Wine, price=0, expiresInYears=-15)
Wine(name=Event Wine, price=0, expiresInYears=-23)
Wine(name=Eco Brilliant Wine, price=0, expiresInYears=-22)
-------- year 26 --------
Wine(name=Standard Wine, price=0, expiresInYears=-16)
Wine(name=Another Standard Wine, price=0, expiresInYears=-21)
Wine(name=Negative Standard Wine, price=0, expiresInYears=-21)
Wine(name=Bourdeaux Conservato, price=50, expiresInYears=-24)
Wine(name=Bourgogne Conservato, price=100, expiresInYears=-24)
Wine(name=Wine brewed by Alexander the Great, price=150, expiresInYears=0)
Wine(name=Wine brewed by Alexander the Great, price=80, expiresInYears=-1)
Wine(name=Wine brewed by Alexander the Great, price=0, expiresInYears=10)
Wine(name=Event Wine, price=0, expiresInYears=-11)
Wine(name=Event Wine, price=0, expiresInYears=-16)
Wine(name=Event Wine, price=0, expiresInYears=-24)
Wine(name=Eco Brilliant Wine, price=0, expiresInYears=-23)
-------- year 27 --------
Wine(name=Standard Wine, price=0, expiresInYears=-17)
Wine(name=Another Standard Wine, price=0, expiresInYears=-22)
Wine(name=Negative Standard Wine, price=0, expiresInYears=-22)
Wine(name=Bourdeaux Conservato, price=52, expiresInYears=-25)
Wine(name=Bourgogne Conservato, price=100, expiresInYears=-25)
Wine(name=Wine brewed by Alexander the Great, price=150, expiresInYears=0)
Wine(name=Wine brewed by Alexander the Great, price=80, expiresInYears=-1)
Wine(name=Wine brewed by Alexander the Great, price=0, expiresInYears=10)
Wine(name=Event Wine, price=0, expiresInYears=-12)
Wine(name=Event Wine, price=0, expiresInYears=-17)
Wine(name=Event Wine, price=0, expiresInYears=-25)
Wine(name=Eco Brilliant Wine, price=0, expiresInYears=-24)
-------- year 28 --------
Wine(name=Standard Wine, price=0, expiresInYears=-18)
Wine(name=Another Standard Wine, price=0, expiresInYears=-23)
Wine(name=Negative Standard Wine, price=0, expiresInYears=-23)
Wine(name=Bourdeaux Conservato, price=54, expiresInYears=-26)
Wine(name=Bourgogne Conservato, price=100, expiresInYears=-26)
Wine(name=Wine brewed by Alexander the Great, price=150, expiresInYears=0)
Wine(name=Wine brewed by Alexander the Great, price=80, expiresInYears=-1)
Wine(name=Wine brewed by Alexander the Great, price=0, expiresInYears=10)
Wine(name=Event Wine, price=0, expiresInYears=-13)
Wine(name=Event Wine, price=0, expiresInYears=-18)
Wine(name=Event Wine, price=0, expiresInYears=-26)
Wine(name=Eco Brilliant Wine, price=0, expiresInYears=-25)
-------- year 29 --------
Wine(name=Standard Wine, price=0, expiresInYears=-19)
Wine(name=Another Standard Wine, price=0, expiresInYears=-24)
Wine(name=Negative Standard Wine, price=0, expiresInYears=-24)
Wine(name=Bourdeaux Conservato, price=56, expiresInYears=-27)
Wine(name=Bourgogne Conservato, price=100, expiresInYears=-27)
Wine(name=Wine brewed by Alexander the Great, price=150, expiresInYears=0)
Wine(name=Wine brewed by Alexander the Great, price=80, expiresInYears=-1)
Wine(name=Wine brewed by Alexander the Great, price=0, expiresInYears=10)
Wine(name=Event Wine, price=0, expiresInYears=-14)
Wine(name=Event Wine, price=0, expiresInYears=-19)
Wine(name=Event Wine, price=0, expiresInYears=-27)
Wine(name=Eco Brilliant Wine, price=0, expiresInYears=-26)
-------- year 30 --------
Wine(name=Standard Wine, price=0, expiresInYears=-20)
Wine(name=Another Standard Wine, price=0, expiresInYears=-25)
Wine(name=Negative Standard Wine, price=0, expiresInYears=-25)
Wine(name=Bourdeaux Conservato, price=58, expiresInYears=-28)
Wine(name=Bourgogne Conservato, price=100, expiresInYears=-28)
Wine(name=Wine brewed by Alexander the Great, price=150, expiresInYears=0)
Wine(name=Wine brewed by Alexander the Great, price=80, expiresInYears=-1)
Wine(name=Wine brewed by Alexander the Great, price=0, expiresInYears=10)
Wine(name=Event Wine, price=0, expiresInYears=-15)
Wine(name=Event Wine, price=0, expiresInYears=-20)
Wine(name=Event Wine, price=0, expiresInYears=-28)
Wine(name=Eco Brilliant Wine, price=0, expiresInYears=-27)
-------- year 31 --------
Wine(name=Standard Wine, price=0, expiresInYears=-21)
Wine(name=Another Standard Wine, price=0, expiresInYears=-26)
Wine(name=Negative Standard Wine, price=0, expiresInYears=-26)
Wine(name=Bourdeaux Conservato, price=60, expiresInYears=-29)
Wine(name=Bourgogne Conservato, price=100, expiresInYears=-29)
Wine(name=Wine brewed by Alexander the Great, price=150, expiresInYears=0)
Wine(name=Wine brewed by Alexander the Great, price=80, expiresInYears=-1)
Wine(name=Wine brewed by Alexander the Great, price=0, expiresInYears=10)
Wine(name=Event Wine, price=0, expiresInYears=-16)
Wine(name=Event Wine, price=0, expiresInYears=-21)
Wine(name=Event Wine, price=0, expiresInYears=-29)
Wine(name=Eco Brilliant Wine, price=0, expiresInYears=-28)
-------- year 32 --------
Wine(name=Standard Wine, price=0, expiresInYears=-22)
Wine(name=Another Standard Wine, price=0, expiresInYears=-27)
Wine(name=Negative Standard Wine, price=0, expiresInYears=-27)
Wine(name=Bourdeaux Conservato, price=62, expiresInYears=-30)
Wine(name=Bourgogne Conservato, price=100, expiresInYears=-30)
Wine(name=Wine brewed by Alexander the Great, price=150, expiresInYears=0)
Wine(name=Wine brewed by Alexander the Great, price=80, expiresInYears=-1)
Wine(name=Wine brewed by Alexander the Great, price=0, expiresInYears=10)
Wine(name=Event Wine, price=0, expiresInYears=-17)
Wine(name=Event Wine, price=0, expiresInYears=-22)
Wine(name=Event Wine, price=0, expiresInYears=-30)
Wine(name=Eco Brilliant Wine, price=0, expiresInYears=-29)
-------- year 33 --------
Wine(name=Standard Wine, price=0, expiresInYears=-23)
Wine(name=Another Standard Wine, price=0, expiresInYears=-28)
Wine(name=Negative Standard Wine, price=0, expiresInYears=-28)
Wine(name=Bourdeaux Conservato, price=64, expiresInYears=-31)
Wine(name=Bourgogne Conservato, price=100, expiresInYears=-31)
Wine(name=Wine brewed by Alexander the Great, price=150, expiresInYears=0)
Wine(name=Wine brewed by Alexander the Great, price=80, expiresInYears=-1)
Wine(name=Wine brewed by Alexander the Great, price=0, expiresInYears=10)
Wine(name=Event Wine, price=0, expiresInYears=-18)
Wine(name=Event Wine, price=0, expiresInYears=-23)
Wine(name=Event Wine, price=0, expiresInYears=-31)
Wine(name=Eco Brilliant Wine, price=0, expiresInYears=-30)
-------- year 34 --------
Wine(name=Standard Wine, price=0, expiresInYears=-24)
Wine(name=Another Standard Wine, price=0, expiresInYears=-29)
Wine(name=Negative Standard Wine, price=0, expiresInYears=-29)
Wine(name=Bourdeaux Conservato, price=66, expiresInYears=-32)
Wine(name=Bourgogne Conservato, price=100, expiresInYears=-32)
Wine(name=Wine brewed by Alexander the Great, price=150, expiresInYears=0)
Wine(name=Wine brewed by Alexander the Great, price=80, expiresInYears=-1)
Wine(name=Wine brewed by Alexander the Great, price=0, expiresInYears=10)
Wine(name=Event Wine, price=0, expiresInYears=-19)
Wine(name=Event Wine, price=0, expiresInYears=-24)
Wine(name=Event Wine, price=0, expiresInYears=-32)
Wine(name=Eco Brilliant Wine, price=0, expiresInYears=-31)
-------- year 35 --------
Wine(name=Standard Wine, price=0, expiresInYears=-25)
Wine(name=Another Standard Wine, price=0, expiresInYears=-30)
Wine(name=Negative Standard Wine, price=0, expiresInYears=-30)
Wine(name=Bourdeaux Conservato, price=68, expiresInYears=-33)
Wine(name=Bourgogne Conservato, price=100, expiresInYears=-33)
Wine(name=Wine brewed by Alexander the Great, price=150, expiresInYears=0)
Wine(name=Wine brewed by Alexander the Great, price=80, expiresInYears=-1)
Wine(name=Wine brewed by Alexander the Great, price=0, expiresInYears=10)
Wine(name=Event Wine, price=0, expiresInYears=-20)
Wine(name=Event Wine, price=0, expiresInYears=-25)
Wine(name=Event Wine, price=0, expiresInYears=-33)
Wine(name=Eco Brilliant Wine, price=0, expiresInYears=-32)
-------- year 36 --------
Wine(name=Standard Wine, price=0, expiresInYears=-26)
Wine(name=Another Standard Wine, price=0, expiresInYears=-31)
Wine(name=Negative Standard Wine, price=0, expiresInYears=-31)
Wine(name=Bourdeaux Conservato, price=70, expiresInYears=-34)
Wine(name=Bourgogne Conservato, price=100, expiresInYears=-34)
Wine(name=Wine brewed by Alexander the Great, price=150, expiresInYears=0)
Wine(name=Wine brewed by Alexander the Great, price=80, expiresInYears=-1)
Wine(name=Wine brewed by Alexander the Great, price=0, expiresInYears=10)
Wine(name=Event Wine, price=0, expiresInYears=-21)
Wine(name=Event Wine, price=0, expiresInYears=-26)
Wine(name=Event Wine, price=0, expiresInYears=-34)
Wine(name=Eco Brilliant Wine, price=0, expiresInYears=-33)
-------- year 37 --------
Wine(name=Standard Wine, price=0, expiresInYears=-27)
Wine(name=Another Standard Wine, price=0, expiresInYears=-32)
Wine(name=Negative Standard Wine, price=0, expiresInYears=-32)
Wine(name=Bourdeaux Conservato, price=72, expiresInYears=-35)
Wine(name=Bourgogne Conservato, price=100, expiresInYears=-35)
Wine(name=Wine brewed by Alexander the Great, price=150, expiresInYears=0)
Wine(name=Wine brewed by Alexander the Great, price=80, expiresInYears=-1)
Wine(name=Wine brewed by Alexander the Great, price=0, expiresInYears=10)
Wine(name=Event Wine, price=0, expiresInYears=-22)
Wine(name=Event Wine, price=0, expiresInYears=-27)
Wine(name=Event Wine, price=0, expiresInYears=-35)
Wine(name=Eco Brilliant Wine, price=0, expiresInYears=-34)
-------- year 38 --------
Wine(name=Standard Wine, price=0, expiresInYears=-28)
Wine(name=Another Standard Wine, price=0, expiresInYears=-33)
Wine(name=Negative Standard Wine, price=0, expiresInYears=-33)
Wine(name=Bourdeaux Conservato, price=74, expiresInYears=-36)
Wine(name=Bourgogne Conservato, price=100, expiresInYears=-36)
Wine(name=Wine brewed by Alexander the Great, price=150, expiresInYears=0)
Wine(name=Wine brewed by Alexander the Great, price=80, expiresInYears=-1)
Wine(name=Wine brewed by Alexander the Great, price=0, expiresInYears=10)
Wine(name=Event Wine, price=0, expiresInYears=-23)
Wine(name=Event Wine, price=0, expiresInYears=-28)
Wine(name=Event Wine, price=0, expiresInYears=-36)
Wine(name=Eco Brilliant Wine, price=0, expiresInYears=-35)
-------- year 39 --------
Wine(name=Standard Wine, price=0, expiresInYears=-29)
Wine(name=Another Standard Wine, price=0, expiresInYears=-34)
Wine(name=Negative Standard Wine, price=0, expiresInYears=-34)
Wine(name=Bourdeaux Conservato, price=76, expiresInYears=-37)
Wine(name=Bourgogne Conservato, price=100, expiresInYears=-37)
Wine(name=Wine brewed by Alexander the Great, price=150, expiresInYears=0)
Wine(name=Wine brewed by Alexander the Great, price=80, expiresInYears=-1)
Wine(name=Wine brewed by Alexander the Great, price=0, expiresInYears=10)
Wine(name=Event Wine, price=0, expiresInYears=-24)
Wine(name=Event Wine, price=0, expiresInYears=-29)
Wine(name=Event Wine, price=0, expiresInYears=-37)
Wine(name=Eco Brilliant Wine, price=0, expiresInYears=-36)
-------- year 40 --------
Wine(name=Standard Wine, price=0, expiresInYears=-30)
Wine(name=Another Standard Wine, price=0, expiresInYears=-35)
Wine(name=Negative Standard Wine, price=0, expiresInYears=-35)
Wine(name=Bourdeaux Conservato, price=78, expiresInYears=-38)
Wine(name=Bourgogne Conservato, price=100, expiresInYears=-38)
Wine(name=Wine brewed by Alexander the Great, price=150, expiresInYears=0)
Wine(name=Wine brewed by Alexander the Great, price=80, expiresInYears=-1)
Wine(name=Wine brewed by Alexander the Great, price=0, expiresInYears=10)
Wine(name=Event Wine, price=0, expiresInYears=-25)
Wine(name=Event Wine, price=0, expiresInYears=-30)
Wine(name=Event Wine, price=0, expiresInYears=-38)
Wine(name=Eco Brilliant Wine, price=0, expiresInYears=-37)
-------- year 41 --------
Wine(name=Standard Wine, price=0, expiresInYears=-31)
Wine(name=Another Standard Wine, price=0, expiresInYears=-36)
Wine(name=Negative Standard Wine, price=0, expiresInYears=-36)
Wine(name=Bourdeaux Conservato, price=80, expiresInYears=-39)
Wine(name=Bourgogne Conservato, price=100, expiresInYears=-39)
Wine(name=Wine brewed by Alexander the Great, price=150, expiresInYears=0)
Wine(name=Wine brewed by Alexander the Great, price=80, expiresInYears=-1)
Wine(name=Wine brewed by Alexander the Great, price=0, expiresInYears=10)
Wine(name=Event Wine, price=0, expiresInYears=-26)
Wine(name=Event Wine, price=0, expiresInYears=-31)
Wine(name=Event Wine, price=0, expiresInYears=-39)
Wine(name=Eco Brilliant Wine, price=0, expiresInYears=-38)
-------- year 42 --------
Wine(name=Standard Wine, price=0, expiresInYears=-32)
Wine(name=Another Standard Wine, price=0, expiresInYears=-37)
Wine(name=Negative Standard Wine, price=0, expiresInYears=-37)
Wine(name=Bourdeaux Conservato, price=82, expiresInYears=-40)
Wine(name=Bourgogne Conservato, price=100, expiresInYears=-40)
Wine(name=Wine brewed by Alexander the Great, price=150, expiresInYears=0)
Wine(name=Wine brewed by Alexander the Great, price=80, expiresInYears=-1)
Wine(name=Wine brewed by Alexander the Great, price=0, expiresInYears=10)
Wine(name=Event Wine, price=0, expiresInYears=-27)
Wine(name=Event Wine, price=0, expiresInYears=-32)
Wine(name=Event Wine, price=0, expiresInYears=-40)
Wine(name=Eco Brilliant Wine, price=0, expiresInYears=-39)
-------- year 43 --------
Wine(name=Standard Wine, price=0, expiresInYears=-33)
Wine(name=Another Standard Wine, price=0, expiresInYears=-38)
Wine(name=Negative Standard Wine, price=0, expiresInYears=-38)
Wine(name=Bourdeaux Conservato, price=84, expiresInYears=-41)
Wine(name=Bourgogne Conservato, price=100, expiresInYears=-41)
Wine(name=Wine brewed by Alexander the Great, price=150, expiresInYears=0)
Wine(name=Wine brewed by Alexander the Great, price=80, expiresInYears=-1)
Wine(name=Wine brewed by Alexander the Great, price=0, expiresInYears=10)
Wine(name=Event Wine, price=0, expiresInYears=-28)
Wine(name=Event Wine, price=0, expiresInYears=-33)
Wine(name=Event Wine, price=0, expiresInYears=-41)
Wine(name=Eco Brilliant Wine, price=0, expiresInYears=-40)
-------- year 44 --------
Wine(name=Standard Wine, price=0, expiresInYears=-34)
Wine(name=Another Standard Wine, price=0, expiresInYears=-39)
Wine(name=Negative Standard Wine, price=0, expiresInYears=-39)
Wine(name=Bourdeaux Conservato, price=86, expiresInYears=-42)
Wine(name=Bourgogne Conservato, price=100, expiresInYears=-42)
Wine(name=Wine brewed by Alexander the Great, price=150, expiresInYears=0)
Wine(name=Wine brewed by Alexander the Great, price=80, expiresInYears=-1)
Wine(name=Wine brewed by Alexander the Great, price=0, expiresInYears=10)
Wine(name=Event Wine, price=0, expiresInYears=-29)
Wine(name=Event Wine, price=0, expiresInYears=-34)
Wine(name=Event Wine, price=0, expiresInYears=-42)
Wine(name=Eco Brilliant Wine, price=0, expiresInYears=-41)
-------- year 45 --------
Wine(name=Standard Wine, price=0, expiresInYears=-35)
Wine(name=Another Standard Wine, price=0, expiresInYears=-40)
Wine(name=Negative Standard Wine, price=0, expiresInYears=-40)
Wine(name=Bourdeaux Conservato, price=88, expiresInYears=-43)
Wine(name=Bourgogne Conservato, price=100, expiresInYears=-43)
Wine(name=Wine brewed by Alexander the Great, price=150, expiresInYears=0)
Wine(name=Wine brewed by Alexander the Great, price=80, expiresInYears=-1)
Wine(name=Wine brewed by Alexander the Great, price=0, expiresInYears=10)
Wine(name=Event Wine, price=0, expiresInYears=-30)
Wine(name=Event Wine, price=0, expiresInYears=-35)
Wine(name=Event Wine, price=0, expiresInYears=-43)
Wine(name=Eco Brilliant Wine, price=0, expiresInYears=-42)
-------- year 46 --------
Wine(name=Standard Wine, price=0, expiresInYears=-36)
Wine(name=Another Standard Wine, price=0, expiresInYears=-41)
Wine(name=Negative Standard Wine, price=0, expiresInYears=-41)
Wine(name=Bourdeaux Conservato, price=90, expiresInYears=-44)
Wine(name=Bourgogne Conservato, price=100, expiresInYears=-44)
Wine(name=Wine brewed by Alexander the Great, price=150, expiresInYears=0)
Wine(name=Wine brewed by Alexander the Great, price=80, expiresInYears=-1)
Wine(name=Wine brewed by Alexander the Great, price=0, expiresInYears=10)
Wine(name=Event Wine, price=0, expiresInYears=-31)
Wine(name=Event Wine, price=0, expiresInYears=-36)
Wine(name=Event Wine, price=0, expiresInYears=-44)
Wine(name=Eco Brilliant Wine, price=0, expiresInYears=-43)
-------- year 47 --------
Wine(name=Standard Wine, price=0, expiresInYears=-37)
Wine(name=Another Standard Wine, price=0, expiresInYears=-42)
Wine(name=Negative Standard Wine, price=0, expiresInYears=-42)
Wine(name=Bourdeaux Conservato, price=92, expiresInYears=-45)
Wine(name=Bourgogne Conservato, price=100, expiresInYears=-45)
Wine(name=Wine brewed by Alexander the Great, price=150, expiresInYears=0)
Wine(name=Wine brewed by Alexander the Great, price=80, expiresInYears=-1)
Wine(name=Wine brewed by Alexander the Great, price=0, expiresInYears=10)
Wine(name=Event Wine, price=0, expiresInYears=-32)
Wine(name=Event Wine, price=0, expiresInYears=-37)
Wine(name=Event Wine, price=0, expiresInYears=-45)
Wine(name=Eco Brilliant Wine, price=0, expiresInYears=-44)
-------- year 48 --------
Wine(name=Standard Wine, price=0, expiresInYears=-38)
Wine(name=Another Standard Wine, price=0, expiresInYears=-43)
Wine(name=Negative Standard Wine, price=0, expiresInYears=-43)
Wine(name=Bourdeaux Conservato, price=94, expiresInYears=-46)
Wine(name=Bourgogne Conservato, price=100, expiresInYears=-46)
Wine(name=Wine brewed by Alexander the Great, price=150, expiresInYears=0)
Wine(name=Wine brewed by Alexander the Great, price=80, expiresInYears=-1)
Wine(name=Wine brewed by Alexander the Great, price=0, expiresInYears=10)
Wine(name=Event Wine, price=0, expiresInYears=-33)
Wine(name=Event Wine, price=0, expiresInYears=-38)
Wine(name=Event Wine, price=0, expiresInYears=-46)
Wine(name=Eco Brilliant Wine, price=0, expiresInYears=-45)
-------- year 49 --------
Wine(name=Standard Wine, price=0, expiresInYears=-39)
Wine(name=Another Standard Wine, price=0, expiresInYears=-44)
Wine(name=Negative Standard Wine, price=0, expiresInYears=-44)
Wine(name=Bourdeaux Conservato, price=96, expiresInYears=-47)
Wine(name=Bourgogne Conservato, price=100, expiresInYears=-47)
Wine(name=Wine brewed by Alexander the Great, price=150, expiresInYears=0)
Wine(name=Wine brewed by Alexander the Great, price=80, expiresInYears=-1)
Wine(name=Wine brewed by Alexander the Great, price=0, expiresInYears=10)
Wine(name=Event Wine, price=0, expiresInYears=-34)
Wine(name=Event Wine, price=0, expiresInYears=-39)
Wine(name=Event Wine, price=0, expiresInYears=-47)
Wine(name=Eco Brilliant Wine, price=0, expiresInYears=-46)
-------- year 50 --------
Wine(name=Standard Wine, price=0, expiresInYears=-40)
Wine(name=Another Standard Wine, price=0, expiresInYears=-45)
Wine(name=Negative Standard Wine, price=0, expiresInYears=-45)
Wine(name=Bourdeaux Conservato, price=98, expiresInYears=-48)
Wine(name=Bourgogne Conservato, price=100, expiresInYears=-48)
Wine(name=Wine brewed by Alexander the Great, price=150, expiresInYears=0)
Wine(name=Wine brewed by Alexander the Great, price=80, expiresInYears=-1)
Wine(name=Wine brewed by Alexander the Great, price=0, expiresInYears=10)
Wine(name=Event Wine, price=0, expiresInYears=-35)
Wine(name=Event Wine, price=0, expiresInYears=-40)
Wine(name=Event Wine, price=0, expiresInYears=-48)
Wine(name=Eco Brilliant Wine, price=0, expiresInYears=-47)
